// Jest Snapshot v1, https://goo.gl/fbAQLP

exports[`Testes de Snapshot da Card Renderização do componente Card 1`] = `
<DocumentFragment>
  <div
    class="card"
  >
    <div
      class="card-user"
      data-testid="card-user"
    >
      <div
        class="card-image"
      >
        <img
          alt="User Avatar"
          data-testid="card-avatar"
        />
      </div>
      <div
        class="card-content"
      >
        <h1
          class="card-name"
          data-testid="card-name"
        >
          Example
        </h1>
        <span
          class="card-username"
        >
          <i
            class="fas fa-user"
          />
          <span
            data-testid="card-username"
          />
        </span>
        <span
          class="card-location"
        >
          <i
            class="fas fa-map-marker-alt"
          />
          <span
            data-testid="card-location"
          >
            location
          </span>
        </span>
        <div
          class="card-data"
        >
          <span>
            <i
              class="fas fa-user-friends"
            />
            <span
              data-testid="card-following"
            >
              0
            </span>
            following
          </span>
          <span>
            <i
              class="fas fa-user-friends"
            />
            <span
              data-testid="card-followers"
            >
              0
            </span>
            followers
          </span>
          <span>
            <i
              class="fas fa-poll-h"
            />
            <span
              data-testid="card-repos"
            />
            repos
          </span>
        </div>
        <div
          class="card-footer"
        >
          <a
            href="https://github.com/undefined"
          >
            <span>
              GitHub 
            </span>
          </a>
        </div>
      </div>
    </div>
  </div>
</DocumentFragment>
`;
